{
  "version": "1.5.0",
  "plugins_used": [
    {"name": "AWSKeyDetector"},
    {"name": "Base64HighEntropyString", "limit": 4.5},
    {"name": "CloudantDetector"},
    {"name": "GitHubTokenDetector"},
    {"name": "HexHighEntropyString", "limit": 3.0},
    {"name": "JwtTokenDetector"},
    {"name": "KeywordDetector"},
    {"name": "PrivateKeyDetector"},
    {"name": "SlackDetector"},
    {"name": "StripeDetector"}
  ],
  "results": {},
  "generated_at": "2026-04-16T00:00:00Z"
}
